
> ai-radio-frontend@0.0.0 dev
> vite --port 3000 --host 0.0.0.0


  VITE v4.5.14  ready in 266 ms

  ➜  Local:   http://localhost:3000/
  ➜  Network: http://192.168.99.74:3000/
2:34:24 PM [vite] vite.config.js changed, restarting server...
2:34:24 PM [vite] server restarted.
/home/bwoodward/Code/AI-Radio/frontend/src/App.jsx: Adjacent JSX elements must be wrapped in an enclosing tag. Did you want a JSX fragment <>...</>? (290:8)

  288 |         </div>
  289 |
> 290 |         <div className="main-content">
      |         ^
  291 |           <SpectrumDisplay
  292 |             spectrumData={spectrumData}
  293 |             waterfallData={waterfallData}
2:35:17 PM [vite] Internal server error: /home/bwoodward/Code/AI-Radio/frontend/src/App.jsx: Adjacent JSX elements must be wrapped in an enclosing tag. Did you want a JSX fragment <>...</>? (290:8)

  288 |         </div>
  289 |
> 290 |         <div className="main-content">
      |         ^
  291 |           <SpectrumDisplay
  292 |             spectrumData={spectrumData}
  293 |             waterfallData={waterfallData}
  Plugin: vite:react-babel
  File: /home/bwoodward/Code/AI-Radio/frontend/src/App.jsx:290:8
  288|          </div>
  289|  
  290|          <div className="main-content">
     |          ^
  291|            <SpectrumDisplay
  292|              spectrumData={spectrumData}
      at constructor (/home/bwoodward/Code/AI-Radio/frontend/node_modules/@babel/parser/lib/index.js:367:19)
      at JSXParserMixin.raise (/home/bwoodward/Code/AI-Radio/frontend/node_modules/@babel/parser/lib/index.js:6630:19)
      at JSXParserMixin.jsxParseElementAt (/home/bwoodward/Code/AI-Radio/frontend/node_modules/@babel/parser/lib/index.js:4775:18)
      at JSXParserMixin.jsxParseElement (/home/bwoodward/Code/AI-Radio/frontend/node_modules/@babel/parser/lib/index.js:4782:17)
      at JSXParserMixin.parseExprAtom (/home/bwoodward/Code/AI-Radio/frontend/node_modules/@babel/parser/lib/index.js:4792:19)
      at JSXParserMixin.parseExprSubscripts (/home/bwoodward/Code/AI-Radio/frontend/node_modules/@babel/parser/lib/index.js:11085:23)
      at JSXParserMixin.parseUpdate (/home/bwoodward/Code/AI-Radio/frontend/node_modules/@babel/parser/lib/index.js:11070:21)
      at JSXParserMixin.parseMaybeUnary (/home/bwoodward/Code/AI-Radio/frontend/node_modules/@babel/parser/lib/index.js:11050:23)
      at JSXParserMixin.parseMaybeUnaryOrPrivate (/home/bwoodward/Code/AI-Radio/frontend/node_modules/@babel/parser/lib/index.js:10903:61)
      at JSXParserMixin.parseExprOps (/home/bwoodward/Code/AI-Radio/frontend/node_modules/@babel/parser/lib/index.js:10908:23)
      at JSXParserMixin.parseMaybeConditional (/home/bwoodward/Code/AI-Radio/frontend/node_modules/@babel/parser/lib/index.js:10885:23)
      at JSXParserMixin.parseMaybeAssign (/home/bwoodward/Code/AI-Radio/frontend/node_modules/@babel/parser/lib/index.js:10835:21)
      at /home/bwoodward/Code/AI-Radio/frontend/node_modules/@babel/parser/lib/index.js:10804:39
      at JSXParserMixin.allowInAnd (/home/bwoodward/Code/AI-Radio/frontend/node_modules/@babel/parser/lib/index.js:12436:12)
      at JSXParserMixin.parseMaybeAssignAllowIn (/home/bwoodward/Code/AI-Radio/frontend/node_modules/@babel/parser/lib/index.js:10804:17)
      at JSXParserMixin.parseMaybeAssignAllowInOrVoidPattern (/home/bwoodward/Code/AI-Radio/frontend/node_modules/@babel/parser/lib/index.js:12503:17)
      at JSXParserMixin.parseParenAndDistinguishExpression (/home/bwoodward/Code/AI-Radio/frontend/node_modules/@babel/parser/lib/index.js:11683:28)
      at JSXParserMixin.parseExprAtom (/home/bwoodward/Code/AI-Radio/frontend/node_modules/@babel/parser/lib/index.js:11335:23)
      at JSXParserMixin.parseExprAtom (/home/bwoodward/Code/AI-Radio/frontend/node_modules/@babel/parser/lib/index.js:4797:20)
      at JSXParserMixin.parseExprSubscripts (/home/bwoodward/Code/AI-Radio/frontend/node_modules/@babel/parser/lib/index.js:11085:23)
      at JSXParserMixin.parseUpdate (/home/bwoodward/Code/AI-Radio/frontend/node_modules/@babel/parser/lib/index.js:11070:21)
      at JSXParserMixin.parseMaybeUnary (/home/bwoodward/Code/AI-Radio/frontend/node_modules/@babel/parser/lib/index.js:11050:23)
      at JSXParserMixin.parseMaybeUnaryOrPrivate (/home/bwoodward/Code/AI-Radio/frontend/node_modules/@babel/parser/lib/index.js:10903:61)
      at JSXParserMixin.parseExprOpBaseRightExpr (/home/bwoodward/Code/AI-Radio/frontend/node_modules/@babel/parser/lib/index.js:10990:34)
      at JSXParserMixin.parseExprOpRightExpr (/home/bwoodward/Code/AI-Radio/frontend/node_modules/@babel/parser/lib/index.js:10985:21)
      at JSXParserMixin.parseExprOp (/home/bwoodward/Code/AI-Radio/frontend/node_modules/@babel/parser/lib/index.js:10951:27)
      at JSXParserMixin.parseExprOp (/home/bwoodward/Code/AI-Radio/frontend/node_modules/@babel/parser/lib/index.js:10957:21)
      at JSXParserMixin.parseExprOps (/home/bwoodward/Code/AI-Radio/frontend/node_modules/@babel/parser/lib/index.js:10912:17)
      at JSXParserMixin.parseMaybeConditional (/home/bwoodward/Code/AI-Radio/frontend/node_modules/@babel/parser/lib/index.js:10885:23)
      at JSXParserMixin.parseMaybeAssign (/home/bwoodward/Code/AI-Radio/frontend/node_modules/@babel/parser/lib/index.js:10835:21)
      at JSXParserMixin.parseExpressionBase (/home/bwoodward/Code/AI-Radio/frontend/node_modules/@babel/parser/lib/index.js:10788:23)
      at /home/bwoodward/Code/AI-Radio/frontend/node_modules/@babel/parser/lib/index.js:10784:39
      at JSXParserMixin.allowInAnd (/home/bwoodward/Code/AI-Radio/frontend/node_modules/@babel/parser/lib/index.js:12436:12)
      at JSXParserMixin.parseExpression (/home/bwoodward/Code/AI-Radio/frontend/node_modules/@babel/parser/lib/index.js:10784:17)
      at JSXParserMixin.jsxParseExpressionContainer (/home/bwoodward/Code/AI-Radio/frontend/node_modules/@babel/parser/lib/index.js:4665:31)
      at JSXParserMixin.jsxParseElementAt (/home/bwoodward/Code/AI-Radio/frontend/node_modules/@babel/parser/lib/index.js:4744:36)
      at JSXParserMixin.jsxParseElementAt (/home/bwoodward/Code/AI-Radio/frontend/node_modules/@babel/parser/lib/index.js:4731:32)
      at JSXParserMixin.jsxParseElement (/home/bwoodward/Code/AI-Radio/frontend/node_modules/@babel/parser/lib/index.js:4782:17)
      at JSXParserMixin.parseExprAtom (/home/bwoodward/Code/AI-Radio/frontend/node_modules/@babel/parser/lib/index.js:4792:19)
      at JSXParserMixin.parseExprSubscripts (/home/bwoodward/Code/AI-Radio/frontend/node_modules/@babel/parser/lib/index.js:11085:23)
      at JSXParserMixin.parseUpdate (/home/bwoodward/Code/AI-Radio/frontend/node_modules/@babel/parser/lib/index.js:11070:21)
      at JSXParserMixin.parseMaybeUnary (/home/bwoodward/Code/AI-Radio/frontend/node_modules/@babel/parser/lib/index.js:11050:23)
      at JSXParserMixin.parseMaybeUnaryOrPrivate (/home/bwoodward/Code/AI-Radio/frontend/node_modules/@babel/parser/lib/index.js:10903:61)
      at JSXParserMixin.parseExprOps (/home/bwoodward/Code/AI-Radio/frontend/node_modules/@babel/parser/lib/index.js:10908:23)
      at JSXParserMixin.parseMaybeConditional (/home/bwoodward/Code/AI-Radio/frontend/node_modules/@babel/parser/lib/index.js:10885:23)
      at JSXParserMixin.parseMaybeAssign (/home/bwoodward/Code/AI-Radio/frontend/node_modules/@babel/parser/lib/index.js:10835:21)
      at /home/bwoodward/Code/AI-Radio/frontend/node_modules/@babel/parser/lib/index.js:10804:39
      at JSXParserMixin.allowInAnd (/home/bwoodward/Code/AI-Radio/frontend/node_modules/@babel/parser/lib/index.js:12436:12)
      at JSXParserMixin.parseMaybeAssignAllowIn (/home/bwoodward/Code/AI-Radio/frontend/node_modules/@babel/parser/lib/index.js:10804:17)
      at JSXParserMixin.parseMaybeAssignAllowInOrVoidPattern (/home/bwoodward/Code/AI-Radio/frontend/node_modules/@babel/parser/lib/index.js:12503:17)
2:36:37 PM [vite] ✨ new dependencies optimized: socket.io-client
2:36:37 PM [vite] ✨ optimized dependencies changed. reloading
2:36:45 PM [vite] hmr update /src/App.jsx
